# serializer version: 1
# name: TestTasksGet.test_json_output
  '''
  {
    "id": 7001,
    "post_id": 21269,
    "title": "Review quarterly report",
    "state": 1,
    "priority": 2,
    "description": "Please review the attached quarterly report.",
    "attachments_count": 2,
    "creation_timestamp": 1748000000000
  }
  
  '''
# ---
# name: TestTasksGet.test_table_output
  '''
                                Task 7001                              
  ┏━━━━━━━━━━━━━━━━━━━━┳━━━━━━━━━━━━━━━━━━━━━━━━━━━━━━━━━━━━━━━━━━━━━━┓
  ┃ Key                ┃ Value                                        ┃
  ┡━━━━━━━━━━━━━━━━━━━━╇━━━━━━━━━━━━━━━━━━━━━━━━━━━━━━━━━━━━━━━━━━━━━━┩
  │ id                 │ 7001                                         │
  │ post_id            │ 21269                                        │
  │ title              │ Review quarterly report                      │
  │ state              │ 1                                            │
  │ priority           │ 2                                            │
  │ description        │ Please review the attached quarterly report. │
  │ attachments_count  │ 2                                            │
  │ creation_timestamp │ 2025-05-23 11:33:20 UTC                      │
  └────────────────────┴──────────────────────────────────────────────┘
  
  '''
# ---
